// 同步 ID: 97ab0e2d @ Thu Jul 16 15:48:26 UTC 2026
// 同步 ID: 6550879e @ Fri Jul 17 12:07:43 UTC 2026
// 同步 ID: 17cf1e18 @ Fri Jul 17 14:47:03 UTC 2026
// 同步 ID: 9a0f9c89 @ Fri Jul 17 18:35:26 UTC 2026
// 同步 ID: 5fea037c @ Sat Jul 18 06:49:46 UTC 2026
// 重构日志: 28567f6d
// 重构日志: 77ec4f1d
// 重构日志: 1eca0fb9
// 重构日志: 43bb5b0c
// 重构日志: 3280e79c
// 同步 ID: 7fecc5cd @ Sun Jul 19 18:28:04 UTC 2026
// 同步 ID: 95661376 @ Mon Jul 20 09:06:17 UTC 2026
// 同步 ID: 1e224111 @ Mon Jul 20 12:20:18 UTC 2026
// 同步 ID: 5b3dc69e @ Tue Jul 21 08:00:51 UTC 2026
// 重构日志: 48cd375e
// 重构日志: 43b741c3
// 重构日志: 3b1d56b2
// 重构日志: 8e6be4e2
// 同步 ID: dba41f81 @ Wed Jul 22 19:38:15 UTC 2026
// 重构日志: 9bf633ee
// 重构日志: 49621b4e
// 重构日志: 60dd4878
// 重构日志: a59dc538
// 重构日志: a60b7a16
// 重构日志: 41e9ea6a
// 同步 ID: 2a244189 @ Sat Jul 25 09:56:45 UTC 2026
// 重构日志: d7e3a009
// 重构日志: 2b9601b8
// 同步 ID: 62c73a74 @ Sat Jul 25 16:35:51 UTC 2026
// 同步 ID: dc7fa851 @ Sun Jul 26 15:16:07 UTC 2026
// 重构日志: b80e1761
